Training text cap: 2005 examples after low-overlap selection
Loading training split 'train'
Selected 2005 high-correctness training texts with low-overlap selection.
Selection prior-use buckets: {0: 2005}
Selected rating counts: {4: 2005}
Loading evaluation split 'validation'
Selected 491 evaluation texts.
Output adapter path: /content/master-thesis/adapters/tinyllama-helpsteer2-correctness-adapter
ArmoRM monitoring disabled.
Learning rate: 0.0001
Weight decay: 0.01
Requested precision: bf16
Gradient accumulation steps: 1
Effective batch size: 8
Max grad norm: 1.0
Save best by eval loss: True
LR scheduler: cosine_decay
Warmup ratio: 0.06
Minimum LR ratio: 0.1
LoRA rank: 8
LoRA alpha: 16
LoRA dropout: 0.1
Loading a fresh base model: TinyLlama/TinyLlama-1.1B-Chat-v1.0
Actual training precision: bf16
trainable params: 6,307,840 || all params: 1,106,356,224 || trainable%: 0.570145479653396
Learning-rate warmup: ratio=0.06, warmup_steps=45, total_steps=753
Batching: micro_batch_size=8, gradient_accumulation_steps=1, effective_batch_size=8
Gradient clipping: max_grad_norm=1.0
Best-by-eval-loss saving: True
TensorBoard log directory: /content/master-thesis/results/tensorboard/tinyllama_helpsteer2/correctness

Epoch 1/3 for correctness (next_learning_rate=2.2222222e-06, shuffle_seed=67)
correctness step 10: train_loss=0.9804, grad_norm=0.4199
correctness step 20: train_loss=0.9406, grad_norm=0.3203
correctness step 20: eval_loss=0.9653
Saved best eval_loss=0.9653 at global_step=20 to /content/master-thesis/checkpoints/tinyllama_helpsteer2/tinyllama-helpsteer2-correctness-adapter/best-eval-loss
correctness step 30: train_loss=0.9098, grad_norm=0.4414
correctness step 40: train_loss=0.9325, grad_norm=0.5039
correctness step 40: eval_loss=0.9242
Saved best eval_loss=0.9242 at global_step=40 to /content/master-thesis/checkpoints/tinyllama_helpsteer2/tinyllama-helpsteer2-correctness-adapter/best-eval-loss
correctness step 50: train_loss=0.8891, grad_norm=0.4277
correctness step 60: train_loss=0.8258, grad_norm=0.4629
correctness step 60: eval_loss=0.9136
Saved best eval_loss=0.9136 at global_step=60 to /content/master-thesis/checkpoints/tinyllama_helpsteer2/tinyllama-helpsteer2-correctness-adapter/best-eval-loss
correctness step 70: train_loss=0.8487, grad_norm=0.3965
correctness step 80: train_loss=0.8394, grad_norm=0.3789
correctness step 80: eval_loss=0.9078
Saved best eval_loss=0.9078 at global_step=80 to /content/master-thesis/checkpoints/tinyllama_helpsteer2/tinyllama-helpsteer2-correctness-adapter/best-eval-loss
correctness step 90: train_loss=0.8356, grad_norm=0.4688
correctness step 100: train_loss=0.8962, grad_norm=0.4668
correctness step 100: eval_loss=0.9039
Saved best eval_loss=0.9039 at global_step=100 to /content/master-thesis/checkpoints/tinyllama_helpsteer2/tinyllama-helpsteer2-correctness-adapter/best-eval-loss
correctness step 110: train_loss=0.8387, grad_norm=0.3770
correctness step 120: train_loss=0.8904, grad_norm=0.4141
correctness step 120: eval_loss=0.9019
Saved best eval_loss=0.9019 at global_step=120 to /content/master-thesis/checkpoints/tinyllama_helpsteer2/tinyllama-helpsteer2-correctness-adapter/best-eval-loss
correctness step 130: train_loss=0.9509, grad_norm=0.4629
correctness step 140: train_loss=0.8951, grad_norm=0.4453
correctness step 140: eval_loss=0.8995
Saved best eval_loss=0.8995 at global_step=140 to /content/master-thesis/checkpoints/tinyllama_helpsteer2/tinyllama-helpsteer2-correctness-adapter/best-eval-loss
correctness step 150: train_loss=0.9015, grad_norm=0.4141
correctness step 160: train_loss=0.8196, grad_norm=0.2988
correctness step 160: eval_loss=0.8982
Saved best eval_loss=0.8982 at global_step=160 to /content/master-thesis/checkpoints/tinyllama_helpsteer2/tinyllama-helpsteer2-correctness-adapter/best-eval-loss
correctness step 170: train_loss=0.8718, grad_norm=0.4082
correctness step 180: train_loss=0.9327, grad_norm=0.4219
correctness step 180: eval_loss=0.8968
Saved best eval_loss=0.8968 at global_step=180 to /content/master-thesis/checkpoints/tinyllama_helpsteer2/tinyllama-helpsteer2-correctness-adapter/best-eval-loss
correctness step 190: train_loss=0.8386, grad_norm=0.3828
correctness step 200: train_loss=0.8417, grad_norm=0.3301
correctness step 200: eval_loss=0.8961
Saved best eval_loss=0.8961 at global_step=200 to /content/master-thesis/checkpoints/tinyllama_helpsteer2/tinyllama-helpsteer2-correctness-adapter/best-eval-loss
correctness step 210: train_loss=0.8761, grad_norm=0.4980
correctness step 220: train_loss=0.8155, grad_norm=0.3262
correctness step 220: eval_loss=0.8945
Saved best eval_loss=0.8945 at global_step=220 to /content/master-thesis/checkpoints/tinyllama_helpsteer2/tinyllama-helpsteer2-correctness-adapter/best-eval-loss
correctness step 230: train_loss=0.8917, grad_norm=0.3379
correctness step 240: train_loss=0.8339, grad_norm=0.3359
correctness step 240: eval_loss=0.8937
Saved best eval_loss=0.8937 at global_step=240 to /content/master-thesis/checkpoints/tinyllama_helpsteer2/tinyllama-helpsteer2-correctness-adapter/best-eval-loss
correctness step 250: train_loss=0.8336, grad_norm=0.4805
Epoch 1/3 - average train loss: 0.8772
correctness epoch 1: eval_loss=0.8931
Saved best eval_loss=0.8931 at global_step=251 to /content/master-thesis/checkpoints/tinyllama_helpsteer2/tinyllama-helpsteer2-correctness-adapter/best-eval-loss

Epoch 2/3 for correctness (next_learning_rate=8.2473404e-05, shuffle_seed=68)
correctness step 260: train_loss=0.8630, grad_norm=0.3828
correctness step 260: eval_loss=0.8939
correctness step 270: train_loss=0.8028, grad_norm=0.3457
correctness step 280: train_loss=0.8716, grad_norm=0.4473
correctness step 280: eval_loss=0.8930
Saved best eval_loss=0.8930 at global_step=280 to /content/master-thesis/checkpoints/tinyllama_helpsteer2/tinyllama-helpsteer2-correctness-adapter/best-eval-loss
correctness step 290: train_loss=0.8276, grad_norm=0.3945
correctness step 300: train_loss=0.8090, grad_norm=0.4707
correctness step 300: eval_loss=0.8938
correctness step 310: train_loss=0.7854, grad_norm=0.4512
correctness step 320: train_loss=0.8289, grad_norm=0.3242
correctness step 320: eval_loss=0.8939
correctness step 330: train_loss=0.8525, grad_norm=0.4961
correctness step 340: train_loss=0.8499, grad_norm=0.5039
correctness step 340: eval_loss=0.8941
correctness step 350: train_loss=0.7957, grad_norm=0.4863
correctness step 360: train_loss=0.7816, grad_norm=0.4863
correctness step 360: eval_loss=0.8947
correctness step 370: train_loss=0.8435, grad_norm=0.4766
correctness step 380: train_loss=0.8494, grad_norm=0.4629
correctness step 380: eval_loss=0.8930
correctness step 390: train_loss=0.8091, grad_norm=0.5312
correctness step 400: train_loss=0.8849, grad_norm=0.5391
correctness step 400: eval_loss=0.8940
correctness step 410: train_loss=0.8080, grad_norm=0.4590
correctness step 420: train_loss=0.8646, grad_norm=0.4922
correctness step 420: eval_loss=0.8929
Saved best eval_loss=0.8929 at global_step=420 to /content/master-thesis/checkpoints/tinyllama_helpsteer2/tinyllama-helpsteer2-correctness-adapter/best-eval-loss
correctness step 430: train_loss=0.8319, grad_norm=0.4375
correctness step 440: train_loss=0.8022, grad_norm=0.4570
correctness step 440: eval_loss=0.8930
correctness step 450: train_loss=0.8212, grad_norm=0.5352
correctness step 460: train_loss=0.8218, grad_norm=0.4863
correctness step 460: eval_loss=0.8923
Saved best eval_loss=0.8923 at global_step=460 to /content/master-thesis/checkpoints/tinyllama_helpsteer2/tinyllama-helpsteer2-correctness-adapter/best-eval-loss
correctness step 470: train_loss=0.8242, grad_norm=0.5430
correctness step 480: train_loss=0.7842, grad_norm=0.5586
correctness step 480: eval_loss=0.8921
Saved best eval_loss=0.8921 at global_step=480 to /content/master-thesis/checkpoints/tinyllama_helpsteer2/tinyllama-helpsteer2-correctness-adapter/best-eval-loss
correctness step 490: train_loss=0.7918, grad_norm=0.3965
correctness step 500: train_loss=0.8170, grad_norm=0.4375
correctness step 500: eval_loss=0.8916
Saved best eval_loss=0.8916 at global_step=500 to /content/master-thesis/checkpoints/tinyllama_helpsteer2/tinyllama-helpsteer2-correctness-adapter/best-eval-loss
Saved checkpoint at global_step=500 to /content/master-thesis/checkpoints/tinyllama_helpsteer2/tinyllama-helpsteer2-correctness-adapter/step-00000500
Epoch 2/3 - average train loss: 0.8239
correctness epoch 2: eval_loss=0.8918

Epoch 3/3 for correctness (next_learning_rate=3.5141793e-05, shuffle_seed=69)
correctness step 510: train_loss=0.7637, grad_norm=0.5469
correctness step 520: train_loss=0.7920, grad_norm=0.6758
correctness step 520: eval_loss=0.8935
correctness step 530: train_loss=0.7637, grad_norm=0.4727
correctness step 540: train_loss=0.7823, grad_norm=0.6250
correctness step 540: eval_loss=0.8949
correctness step 550: train_loss=0.8222, grad_norm=0.4961
correctness step 560: train_loss=0.8296, grad_norm=0.6094
correctness step 560: eval_loss=0.8938
correctness step 570: train_loss=0.8406, grad_norm=0.4355
correctness step 580: train_loss=0.8006, grad_norm=0.4551
correctness step 580: eval_loss=0.8945
correctness step 590: train_loss=0.7481, grad_norm=0.4629
correctness step 600: train_loss=0.8028, grad_norm=0.5156
correctness step 600: eval_loss=0.8951
correctness step 610: train_loss=0.7901, grad_norm=0.5312
correctness step 620: train_loss=0.8161, grad_norm=0.4902
correctness step 620: eval_loss=0.8949
correctness step 630: train_loss=0.8088, grad_norm=0.5703
correctness step 640: train_loss=0.7477, grad_norm=0.6484
correctness step 640: eval_loss=0.8946
correctness step 650: train_loss=0.7940, grad_norm=0.4551
correctness step 660: train_loss=0.7723, grad_norm=0.5664
correctness step 660: eval_loss=0.8947
correctness step 670: train_loss=0.8200, grad_norm=0.4688
correctness step 680: train_loss=0.7298, grad_norm=0.4727
correctness step 680: eval_loss=0.8948
correctness step 690: train_loss=0.7761, grad_norm=0.4980
correctness step 700: train_loss=0.7980, grad_norm=0.4844
correctness step 700: eval_loss=0.8950
correctness step 710: train_loss=0.7651, grad_norm=0.5391
correctness step 720: train_loss=0.7884, grad_norm=0.5352
correctness step 720: eval_loss=0.8949
correctness step 730: train_loss=0.7581, grad_norm=0.4961
correctness step 740: train_loss=0.7745, grad_norm=0.4941
correctness step 740: eval_loss=0.8948
correctness step 750: train_loss=0.7879, grad_norm=0.4727
Epoch 3/3 - average train loss: 0.7870
correctness epoch 3: eval_loss=0.8947
Saved best-by-eval-loss correctness adapter to /content/master-thesis/adapters/tinyllama-helpsteer2-correctness-adapter (eval_loss=0.8916, global_step=500)

=== TinyLlama HelpSteer2 coherence adapter ===
Attribute selection threshold: rating >= 4
Training text cap: 2005 examples after low-overlap selection
Loading training split 'train'
Selected 2005 high-coherence training texts with low-overlap selection.
