complexity step 720: train_loss=0.7267, grad_norm=0.3828
complexity step 720: eval_loss=0.8609
complexity step 730: train_loss=0.7351, grad_norm=0.3574
complexity step 740: train_loss=0.7365, grad_norm=0.4316
complexity step 740: eval_loss=0.8610
complexity step 750: train_loss=0.7525, grad_norm=0.3770
Epoch 3/3 - average train loss: 0.7596
complexity epoch 3: eval_loss=0.8611
Saved best-by-eval-loss complexity adapter to /content/master-thesis/adapters/tinyllama-helpsteer2-complexity-adapter (eval_loss=0.8594, global_step=480)

=== TinyLlama HelpSteer2 verbosity adapter ===
Attribute selection threshold: rating >= 3
Training text cap: 2005 examples after low-overlap selection
Loading training split 'train'
Selected 2005 high-verbosity training texts with low-overlap selection.
Selection prior-use buckets: {0: 2005}
Selected rating counts: {3: 1511, 4: 494}
Loading evaluation split 'validation'
Selected 185 evaluation texts.
Output adapter path: /content/master-thesis/adapters/tinyllama-helpsteer2-verbosity-adapter
ArmoRM monitoring disabled.
Learning rate: 0.0001
Weight decay: 0.01
Requested precision: bf16
Gradient accumulation steps: 1
Effective batch size: 8
Max grad norm: 1.0
Save best by eval loss: True
LR scheduler: cosine_decay
Warmup ratio: 0.06
Minimum LR ratio: 0.1
LoRA rank: 8
LoRA alpha: 16
LoRA dropout: 0.1
Loading a fresh base model: TinyLlama/TinyLlama-1.1B-Chat-v1.0
Actual training precision: bf16
trainable params: 6,307,840 || all params: 1,106,356,224 || trainable%: 0.570145479653396
Learning-rate warmup: ratio=0.06, warmup_steps=45, total_steps=753
Batching: micro_batch_size=8, gradient_accumulation_steps=1, effective_batch_size=8
Gradient clipping: max_grad_norm=1.0
Best-by-eval-loss saving: True
TensorBoard log directory: /content/master-thesis/results/tensorboard/tinyllama_helpsteer2/verbosity

Epoch 1/3 for verbosity (next_learning_rate=2.2222222e-06, shuffle_seed=67)
verbosity step 10: train_loss=0.8384, grad_norm=0.3340
verbosity step 20: train_loss=0.8816, grad_norm=0.3281
verbosity step 20: eval_loss=0.8840
Saved best eval_loss=0.8840 at global_step=20 to /content/master-thesis/checkpoints/tinyllama_helpsteer2/tinyllama-helpsteer2-verbosity-adapter/best-eval-loss
verbosity step 30: train_loss=0.8237, grad_norm=0.3008
verbosity step 40: train_loss=0.7890, grad_norm=0.3438
verbosity step 40: eval_loss=0.8454
Saved best eval_loss=0.8454 at global_step=40 to /content/master-thesis/checkpoints/tinyllama_helpsteer2/tinyllama-helpsteer2-verbosity-adapter/best-eval-loss
verbosity step 50: train_loss=0.8222, grad_norm=0.3203
verbosity step 60: train_loss=0.8118, grad_norm=0.2812
verbosity step 60: eval_loss=0.8329
Saved best eval_loss=0.8329 at global_step=60 to /content/master-thesis/checkpoints/tinyllama_helpsteer2/tinyllama-helpsteer2-verbosity-adapter/best-eval-loss
verbosity step 70: train_loss=0.8183, grad_norm=0.2891
Token indices sequence length is longer than the specified maximum sequence length for this model (2422 > 2048). Running this sequence through the model will result in indexing errors
verbosity step 80: train_loss=0.7905, grad_norm=0.3555
verbosity step 80: eval_loss=0.8278
Saved best eval_loss=0.8278 at global_step=80 to /content/master-thesis/checkpoints/tinyllama_helpsteer2/tinyllama-helpsteer2-verbosity-adapter/best-eval-loss
verbosity step 90: train_loss=0.7893, grad_norm=0.2852
verbosity step 100: train_loss=0.7762, grad_norm=0.3438
verbosity step 100: eval_loss=0.8251
Saved best eval_loss=0.8251 at global_step=100 to /content/master-thesis/checkpoints/tinyllama_helpsteer2/tinyllama-helpsteer2-verbosity-adapter/best-eval-loss
verbosity step 110: train_loss=0.7594, grad_norm=0.3379
verbosity step 120: train_loss=0.7755, grad_norm=0.2910
verbosity step 120: eval_loss=0.8234
Saved best eval_loss=0.8234 at global_step=120 to /content/master-thesis/checkpoints/tinyllama_helpsteer2/tinyllama-helpsteer2-verbosity-adapter/best-eval-loss
verbosity step 130: train_loss=0.7502, grad_norm=0.3203
verbosity step 140: train_loss=0.7971, grad_norm=0.3145
verbosity step 140: eval_loss=0.8215
Saved best eval_loss=0.8215 at global_step=140 to /content/master-thesis/checkpoints/tinyllama_helpsteer2/tinyllama-helpsteer2-verbosity-adapter/best-eval-loss
verbosity step 150: train_loss=0.8311, grad_norm=0.3242
verbosity step 160: train_loss=0.7912, grad_norm=0.3008
verbosity step 160: eval_loss=0.8207
Saved best eval_loss=0.8207 at global_step=160 to /content/master-thesis/checkpoints/tinyllama_helpsteer2/tinyllama-helpsteer2-verbosity-adapter/best-eval-loss
verbosity step 170: train_loss=0.8137, grad_norm=0.3086
verbosity step 180: train_loss=0.7428, grad_norm=0.2930
verbosity step 180: eval_loss=0.8195
Saved best eval_loss=0.8195 at global_step=180 to /content/master-thesis/checkpoints/tinyllama_helpsteer2/tinyllama-helpsteer2-verbosity-adapter/best-eval-loss
verbosity step 190: train_loss=0.7634, grad_norm=0.2773
verbosity step 200: train_loss=0.7850, grad_norm=0.3203
verbosity step 200: eval_loss=0.8186
Saved best eval_loss=0.8186 at global_step=200 to /content/master-thesis/checkpoints/tinyllama_helpsteer2/tinyllama-helpsteer2-verbosity-adapter/best-eval-loss
verbosity step 210: train_loss=0.7819, grad_norm=0.3691
verbosity step 220: train_loss=0.8426, grad_norm=0.3457
verbosity step 220: eval_loss=0.8180
Saved best eval_loss=0.8180 at global_step=220 to /content/master-thesis/checkpoints/tinyllama_helpsteer2/tinyllama-helpsteer2-verbosity-adapter/best-eval-loss
verbosity step 230: train_loss=0.7759, grad_norm=0.3730
verbosity step 240: train_loss=0.7603, grad_norm=0.2910
verbosity step 240: eval_loss=0.8173
Saved best eval_loss=0.8173 at global_step=240 to /content/master-thesis/checkpoints/tinyllama_helpsteer2/tinyllama-helpsteer2-verbosity-adapter/best-eval-loss
verbosity step 250: train_loss=0.7345, grad_norm=0.3223
Epoch 1/3 - average train loss: 0.7940
verbosity epoch 1: eval_loss=0.8164
Saved best eval_loss=0.8164 at global_step=251 to /content/master-thesis/checkpoints/tinyllama_helpsteer2/tinyllama-helpsteer2-verbosity-adapter/best-eval-loss

Epoch 2/3 for verbosity (next_learning_rate=8.2473404e-05, shuffle_seed=68)
verbosity step 260: train_loss=0.7765, grad_norm=0.2354
verbosity step 260: eval_loss=0.8160
Saved best eval_loss=0.8160 at global_step=260 to /content/master-thesis/checkpoints/tinyllama_helpsteer2/tinyllama-helpsteer2-verbosity-adapter/best-eval-loss
verbosity step 270: train_loss=0.7498, grad_norm=0.3281
verbosity step 280: train_loss=0.7397, grad_norm=0.3242
verbosity step 280: eval_loss=0.8170
verbosity step 290: train_loss=0.7711, grad_norm=0.2949
verbosity step 300: train_loss=0.7461, grad_norm=0.3066
verbosity step 300: eval_loss=0.8166
verbosity step 310: train_loss=0.7198, grad_norm=0.3262
verbosity step 320: train_loss=0.7390, grad_norm=0.3789
verbosity step 320: eval_loss=0.8189
verbosity step 330: train_loss=0.7160, grad_norm=0.3594
verbosity step 340: train_loss=0.7428, grad_norm=0.3496
verbosity step 340: eval_loss=0.8169
verbosity step 350: train_loss=0.7467, grad_norm=0.3672
verbosity step 360: train_loss=0.7494, grad_norm=0.3809
verbosity step 360: eval_loss=0.8175
verbosity step 370: train_loss=0.7278, grad_norm=0.3496
verbosity step 380: train_loss=0.7554, grad_norm=0.4043
verbosity step 380: eval_loss=0.8165
verbosity step 390: train_loss=0.7122, grad_norm=0.3672
verbosity step 400: train_loss=0.8056, grad_norm=0.3711
verbosity step 400: eval_loss=0.8168
verbosity step 410: train_loss=0.8063, grad_norm=0.3848
verbosity step 420: train_loss=0.7227, grad_norm=0.3203
verbosity step 420: eval_loss=0.8167
verbosity step 430: train_loss=0.7780, grad_norm=0.4355
verbosity step 440: train_loss=0.7312, grad_norm=0.3535
verbosity step 440: eval_loss=0.8158
Saved best eval_loss=0.8158 at global_step=440 to /content/master-thesis/checkpoints/tinyllama_helpsteer2/tinyllama-helpsteer2-verbosity-adapter/best-eval-loss
verbosity step 450: train_loss=0.7217, grad_norm=0.3770
verbosity step 460: train_loss=0.8168, grad_norm=0.4336
verbosity step 460: eval_loss=0.8159
verbosity step 470: train_loss=0.7466, grad_norm=0.3672
verbosity step 480: train_loss=0.7209, grad_norm=0.4258
verbosity step 480: eval_loss=0.8154
Saved best eval_loss=0.8154 at global_step=480 to /content/master-thesis/checkpoints/tinyllama_helpsteer2/tinyllama-helpsteer2-verbosity-adapter/best-eval-loss
verbosity step 490: train_loss=0.7321, grad_norm=0.3965
verbosity step 500: train_loss=0.7734, grad_norm=0.4277
verbosity step 500: eval_loss=0.8155
Saved checkpoint at global_step=500 to /content/master-thesis/checkpoints/tinyllama_helpsteer2/tinyllama-helpsteer2-verbosity-adapter/step-00000500
Epoch 2/3 - average train loss: 0.7495
verbosity epoch 2: eval_loss=0.8154

Epoch 3/3 for verbosity (next_learning_rate=3.5141793e-05, shuffle_seed=69)
verbosity step 510: train_loss=0.7229, grad_norm=0.4160
verbosity step 520: train_loss=0.6920, grad_norm=0.3730
verbosity step 520: eval_loss=0.8179
verbosity step 530: train_loss=0.6566, grad_norm=0.3379
verbosity step 540: train_loss=0.6538, grad_norm=0.3086
verbosity step 540: eval_loss=0.8183
verbosity step 550: train_loss=0.7456, grad_norm=0.3945
verbosity step 560: train_loss=0.7541, grad_norm=0.4258
verbosity step 560: eval_loss=0.8179
verbosity step 570: train_loss=0.7209, grad_norm=0.3984
verbosity step 580: train_loss=0.7774, grad_norm=0.3789
verbosity step 580: eval_loss=0.8176
verbosity step 590: train_loss=0.7252, grad_norm=0.4316
verbosity step 600: train_loss=0.6985, grad_norm=0.3984
verbosity step 600: eval_loss=0.8177
verbosity step 610: train_loss=0.7809, grad_norm=0.4961
verbosity step 620: train_loss=0.7303, grad_norm=0.3887
verbosity step 620: eval_loss=0.8176
verbosity step 630: train_loss=0.7079, grad_norm=0.3984
verbosity step 640: train_loss=0.7361, grad_norm=0.4082
verbosity step 640: eval_loss=0.8172
verbosity step 650: train_loss=0.7087, grad_norm=0.4336
verbosity step 660: train_loss=0.7100, grad_norm=0.3730
verbosity step 660: eval_loss=0.8173
verbosity step 670: train_loss=0.6788, grad_norm=0.2598
verbosity step 680: train_loss=0.7249, grad_norm=0.4453
verbosity step 680: eval_loss=0.8177
verbosity step 690: train_loss=0.7737, grad_norm=0.3398
verbosity step 700: train_loss=0.6951, grad_norm=0.3887
verbosity step 700: eval_loss=0.8176
verbosity step 710: train_loss=0.7442, grad_norm=0.4180
verbosity step 720: train_loss=0.7453, grad_norm=0.4629
verbosity step 720: eval_loss=0.8174
verbosity step 730: train_loss=0.7150, grad_norm=0.4277
verbosity step 740: train_loss=0.6749, grad_norm=0.3359
