Selected attributes: complexity, verbosity, helpfulness, correctness, coherence
Selection thresholds: complexity>=2, verbosity>=3, helpfulness>=4, correctness>=4, coherence>=4
Training example cap: 2005 per attribute, using low-overlap selection
Training uses attribute-selected supervised HelpSteer2 texts. External reward monitoring, when enabled, is evaluation only.
Low-overlap training selection order: complexity -> verbosity -> helpfulness -> correctness -> coherence

=== TinyLlama HelpSteer2 complexity adapter ===
Attribute selection threshold: rating >= 2
Training text cap: 2005 examples after low-overlap selection
Loading training split 'train'
Selected 2005 high-complexity training texts with low-overlap selection.
Selection prior-use buckets: {0: 2005}
Selected rating counts: {3: 1900, 4: 105}
Loading evaluation split 'validation'
Selected 642 evaluation texts.
Output adapter path: /content/master-thesis/adapters/tinyllama-helpsteer2-complexity-adapter
ArmoRM monitoring disabled.
Learning rate: 0.0001
Weight decay: 0.01
Requested precision: bf16
Gradient accumulation steps: 1
Effective batch size: 8
Max grad norm: 1.0
Save best by eval loss: True
LR scheduler: cosine_decay
Warmup ratio: 0.06
Minimum LR ratio: 0.1
LoRA rank: 8
LoRA alpha: 16
LoRA dropout: 0.1
Loading a fresh base model: TinyLlama/TinyLlama-1.1B-Chat-v1.0
The cache for model files in Transformers v4.22.0 has been updated. Migrating your old cache. This is a one-time only operation. You can interrupt this and resume the migration later on by calling `transformers.utils.move_cache()`.
0it [00:00, ?it/s]0it [00:00, ?it/s]
/usr/local/lib/python3.12/dist-packages/huggingface_hub/file_download.py:949: FutureWarning: `resume_download` is deprecated and will be removed in version 1.0.0. Downloads always resume when possible. If you want to force a new download, use `force_download=True`.
  warnings.warn(
Actual training precision: bf16
trainable params: 6,307,840 || all params: 1,106,356,224 || trainable%: 0.570145479653396
Learning-rate warmup: ratio=0.06, warmup_steps=45, total_steps=753
Batching: micro_batch_size=8, gradient_accumulation_steps=1, effective_batch_size=8
Gradient clipping: max_grad_norm=1.0
Best-by-eval-loss saving: True
TensorBoard log directory: /content/master-thesis/results/tensorboard/tinyllama_helpsteer2/complexity

Epoch 1/3 for complexity (next_learning_rate=2.2222222e-06, shuffle_seed=67)
complexity step 10: train_loss=0.9391, grad_norm=0.3125
complexity step 20: train_loss=0.9032, grad_norm=0.3379
complexity step 20: eval_loss=0.9319
/usr/local/lib/python3.12/dist-packages/huggingface_hub/file_download.py:949: FutureWarning: `resume_download` is deprecated and will be removed in version 1.0.0. Downloads always resume when possible. If you want to force a new download, use `force_download=True`.
  warnings.warn(
Saved best eval_loss=0.9319 at global_step=20 to /content/master-thesis/checkpoints/tinyllama_helpsteer2/tinyllama-helpsteer2-complexity-adapter/best-eval-loss
complexity step 30: train_loss=0.8357, grad_norm=0.3809
Token indices sequence length is longer than the specified maximum sequence length for this model (2128 > 2048). Running this sequence through the model will result in indexing errors
complexity step 40: train_loss=0.8813, grad_norm=0.3457
complexity step 40: eval_loss=0.8907
Saved best eval_loss=0.8907 at global_step=40 to /content/master-thesis/checkpoints/tinyllama_helpsteer2/tinyllama-helpsteer2-complexity-adapter/best-eval-loss
complexity step 50: train_loss=0.8357, grad_norm=0.3652
complexity step 60: train_loss=0.7820, grad_norm=0.3613
complexity step 60: eval_loss=0.8753
Saved best eval_loss=0.8753 at global_step=60 to /content/master-thesis/checkpoints/tinyllama_helpsteer2/tinyllama-helpsteer2-complexity-adapter/best-eval-loss
complexity step 70: train_loss=0.8782, grad_norm=0.3262
complexity step 80: train_loss=0.8797, grad_norm=0.3281
complexity step 80: eval_loss=0.8706
Saved best eval_loss=0.8706 at global_step=80 to /content/master-thesis/checkpoints/tinyllama_helpsteer2/tinyllama-helpsteer2-complexity-adapter/best-eval-loss
complexity step 90: train_loss=0.8892, grad_norm=0.3555
complexity step 100: train_loss=0.8533, grad_norm=0.3438
complexity step 100: eval_loss=0.8682
Saved best eval_loss=0.8682 at global_step=100 to /content/master-thesis/checkpoints/tinyllama_helpsteer2/tinyllama-helpsteer2-complexity-adapter/best-eval-loss
complexity step 110: train_loss=0.8277, grad_norm=0.3340
complexity step 120: train_loss=0.8046, grad_norm=0.3457
complexity step 120: eval_loss=0.8673
Saved best eval_loss=0.8673 at global_step=120 to /content/master-thesis/checkpoints/tinyllama_helpsteer2/tinyllama-helpsteer2-complexity-adapter/best-eval-loss
complexity step 130: train_loss=0.8360, grad_norm=0.3301
complexity step 140: train_loss=0.8484, grad_norm=0.3594
complexity step 140: eval_loss=0.8656
Saved best eval_loss=0.8656 at global_step=140 to /content/master-thesis/checkpoints/tinyllama_helpsteer2/tinyllama-helpsteer2-complexity-adapter/best-eval-loss
complexity step 150: train_loss=0.7999, grad_norm=0.3633
complexity step 160: train_loss=0.7945, grad_norm=0.3848
complexity step 160: eval_loss=0.8648
Saved best eval_loss=0.8648 at global_step=160 to /content/master-thesis/checkpoints/tinyllama_helpsteer2/tinyllama-helpsteer2-complexity-adapter/best-eval-loss
complexity step 170: train_loss=0.8071, grad_norm=0.2617
complexity step 180: train_loss=0.7777, grad_norm=0.3516
complexity step 180: eval_loss=0.8630
Saved best eval_loss=0.8630 at global_step=180 to /content/master-thesis/checkpoints/tinyllama_helpsteer2/tinyllama-helpsteer2-complexity-adapter/best-eval-loss
complexity step 190: train_loss=0.8209, grad_norm=0.3145
complexity step 200: train_loss=0.7958, grad_norm=0.2871
complexity step 200: eval_loss=0.8621
Saved best eval_loss=0.8621 at global_step=200 to /content/master-thesis/checkpoints/tinyllama_helpsteer2/tinyllama-helpsteer2-complexity-adapter/best-eval-loss
complexity step 210: train_loss=0.8280, grad_norm=0.3691
complexity step 220: train_loss=0.8339, grad_norm=0.2949
complexity step 220: eval_loss=0.8612
Saved best eval_loss=0.8612 at global_step=220 to /content/master-thesis/checkpoints/tinyllama_helpsteer2/tinyllama-helpsteer2-complexity-adapter/best-eval-loss
complexity step 230: train_loss=0.8357, grad_norm=0.2988
complexity step 240: train_loss=0.8677, grad_norm=0.3242
complexity step 240: eval_loss=0.8609
Saved best eval_loss=0.8609 at global_step=240 to /content/master-thesis/checkpoints/tinyllama_helpsteer2/tinyllama-helpsteer2-complexity-adapter/best-eval-loss
complexity step 250: train_loss=0.7859, grad_norm=0.2676
Epoch 1/3 - average train loss: 0.8382
complexity epoch 1: eval_loss=0.8603
Saved best eval_loss=0.8603 at global_step=251 to /content/master-thesis/checkpoints/tinyllama_helpsteer2/tinyllama-helpsteer2-complexity-adapter/best-eval-loss

Epoch 2/3 for complexity (next_learning_rate=8.2473404e-05, shuffle_seed=68)
complexity step 260: train_loss=0.8504, grad_norm=0.3477
complexity step 260: eval_loss=0.8602
Saved best eval_loss=0.8602 at global_step=260 to /content/master-thesis/checkpoints/tinyllama_helpsteer2/tinyllama-helpsteer2-complexity-adapter/best-eval-loss
complexity step 270: train_loss=0.7834, grad_norm=0.3027
complexity step 280: train_loss=0.8681, grad_norm=0.3770
complexity step 280: eval_loss=0.8600
Saved best eval_loss=0.8600 at global_step=280 to /content/master-thesis/checkpoints/tinyllama_helpsteer2/tinyllama-helpsteer2-complexity-adapter/best-eval-loss
complexity step 290: train_loss=0.8184, grad_norm=0.3594
complexity step 300: train_loss=0.8045, grad_norm=0.4590
complexity step 300: eval_loss=0.8615
complexity step 310: train_loss=0.8597, grad_norm=0.4219
complexity step 320: train_loss=0.7859, grad_norm=0.3867
complexity step 320: eval_loss=0.8604
complexity step 330: train_loss=0.7780, grad_norm=0.3125
complexity step 340: train_loss=0.7877, grad_norm=0.3164
complexity step 340: eval_loss=0.8610
complexity step 350: train_loss=0.8010, grad_norm=0.5156
complexity step 360: train_loss=0.7890, grad_norm=0.4785
complexity step 360: eval_loss=0.8602
complexity step 370: train_loss=0.7706, grad_norm=0.3477
complexity step 380: train_loss=0.7893, grad_norm=0.4551
complexity step 380: eval_loss=0.8608
complexity step 390: train_loss=0.7850, grad_norm=0.3477
complexity step 400: train_loss=0.8308, grad_norm=0.3730
complexity step 400: eval_loss=0.8605
complexity step 410: train_loss=0.7755, grad_norm=0.4375
complexity step 420: train_loss=0.7577, grad_norm=0.3730
complexity step 420: eval_loss=0.8604
complexity step 430: train_loss=0.7817, grad_norm=0.3789
complexity step 440: train_loss=0.7660, grad_norm=0.4668
complexity step 440: eval_loss=0.8601
complexity step 450: train_loss=0.7472, grad_norm=0.4160
complexity step 460: train_loss=0.7390, grad_norm=0.4219
complexity step 460: eval_loss=0.8601
complexity step 470: train_loss=0.7595, grad_norm=0.5039
complexity step 480: train_loss=0.8166, grad_norm=0.4531
complexity step 480: eval_loss=0.8594
Saved best eval_loss=0.8594 at global_step=480 to /content/master-thesis/checkpoints/tinyllama_helpsteer2/tinyllama-helpsteer2-complexity-adapter/best-eval-loss
complexity step 490: train_loss=0.8037, grad_norm=0.3848
complexity step 500: train_loss=0.7810, grad_norm=0.5430
complexity step 500: eval_loss=0.8594
Saved checkpoint at global_step=500 to /content/master-thesis/checkpoints/tinyllama_helpsteer2/tinyllama-helpsteer2-complexity-adapter/step-00000500
Epoch 2/3 - average train loss: 0.7924
complexity epoch 2: eval_loss=0.8595

Epoch 3/3 for complexity (next_learning_rate=3.5141793e-05, shuffle_seed=69)
complexity step 510: train_loss=0.8222, grad_norm=0.4590
complexity step 520: train_loss=0.7949, grad_norm=0.4023
complexity step 520: eval_loss=0.8610
complexity step 530: train_loss=0.7442, grad_norm=0.3711
complexity step 540: train_loss=0.7854, grad_norm=0.5000
complexity step 540: eval_loss=0.8615
complexity step 550: train_loss=0.7302, grad_norm=0.3984
complexity step 560: train_loss=0.7742, grad_norm=0.4727
complexity step 560: eval_loss=0.8614
complexity step 570: train_loss=0.7402, grad_norm=0.5078
complexity step 580: train_loss=0.8032, grad_norm=0.4492
complexity step 580: eval_loss=0.8607
complexity step 590: train_loss=0.7222, grad_norm=0.4512
complexity step 600: train_loss=0.8310, grad_norm=0.3945
complexity step 600: eval_loss=0.8615
complexity step 610: train_loss=0.7475, grad_norm=0.3965
complexity step 620: train_loss=0.8303, grad_norm=0.3379
complexity step 620: eval_loss=0.8611
complexity step 630: train_loss=0.8291, grad_norm=0.4590
complexity step 640: train_loss=0.7480, grad_norm=0.3477
complexity step 640: eval_loss=0.8609
complexity step 650: train_loss=0.7414, grad_norm=0.4512
complexity step 660: train_loss=0.7322, grad_norm=0.4355
complexity step 660: eval_loss=0.8616
complexity step 670: train_loss=0.7445, grad_norm=0.3594
complexity step 680: train_loss=0.7228, grad_norm=0.3945
complexity step 680: eval_loss=0.8618
complexity step 690: train_loss=0.7389, grad_norm=0.4551
complexity step 700: train_loss=0.7370, grad_norm=0.4941
complexity step 700: eval_loss=0.8613
complexity step 710: train_loss=0.7232, grad_norm=0.5078
complexity step 720: train_loss=0.7267, grad_norm=0.3828
complexity step 720: eval_loss=0.8609
complexity step 730: train_loss=0.7351, grad_norm=0.3574
complexity step 740: train_loss=0.7365, grad_norm=0.4316
complexity step 740: eval_loss=0.8610
complexity step 750: train_loss=0.7525, grad_norm=0.3770
Epoch 3/3 - average train loss: 0.7596
complexity epoch 3: eval_loss=0.8611
Saved best-by-eval-loss complexity adapter to /content/master-thesis/adapters/tinyllama-helpsteer2-complexity-adapter (eval_loss=0.8594, global_step=480)

=== TinyLlama HelpSteer2 verbosity adapter ===
Attribute selection threshold: rating >= 3
Training text cap: 2005 examples after low-overlap selection
Loading training split 'train'
Selected 2005 high-verbosity training texts with low-overlap selection.
Selection prior-use buckets: {0: 2005}
Selected rating counts: {3: 1511, 4: 494}
Loading evaluation split 'validation'
Selected 185 evaluation texts.
Output adapter path: /content/master-thesis/adapters/tinyllama-helpsteer2-verbosity-adapter
ArmoRM monitoring disabled.
Learning rate: 0.0001
Weight decay: 0.01
Requested precision: bf16
Gradient accumulation steps: 1
Effective batch size: 8
Max grad norm: 1.0
Save best by eval loss: True
LR scheduler: cosine_decay
Warmup ratio: 0.06
Minimum LR ratio: 0.1
LoRA rank: 8
LoRA alpha: 16
LoRA dropout: 0.1
Loading a fresh base model: TinyLlama/TinyLlama-1.1B-Chat-v1.0
Actual training precision: bf16
trainable params: 6,307,840 || all params: 1,106,356,224 || trainable%: 0.570145479653396
Learning-rate warmup: ratio=0.06, warmup_steps=45, total_steps=753
Batching: micro_batch_size=8, gradient_accumulation_steps=1, effective_batch_size=8
Gradient clipping: max_grad_norm=1.0
Best-by-eval-loss saving: True
TensorBoard log directory: /content/master-thesis/results/tensorboard/tinyllama_helpsteer2/verbosity

Epoch 1/3 for verbosity (next_learning_rate=2.2222222e-06, shuffle_seed=67)
verbosity step 10: train_loss=0.8384, grad_norm=0.3340
verbosity step 20: train_loss=0.8816, grad_norm=0.3281
verbosity step 20: eval_loss=0.8840
Saved best eval_loss=0.8840 at global_step=20 to /content/master-thesis/checkpoints/tinyllama_helpsteer2/tinyllama-helpsteer2-verbosity-adapter/best-eval-loss
verbosity step 30: train_loss=0.8237, grad_norm=0.3008
verbosity step 40: train_loss=0.7890, grad_norm=0.3438
verbosity step 40: eval_loss=0.8454
Saved best eval_loss=0.8454 at global_step=40 to /content/master-thesis/checkpoints/tinyllama_helpsteer2/tinyllama-helpsteer2-verbosity-adapter/best-eval-loss
verbosity step 50: train_loss=0.8222, grad_norm=0.3203
verbosity step 60: train_loss=0.8118, grad_norm=0.2812
verbosity step 60: eval_loss=0.8329
Saved best eval_loss=0.8329 at global_step=60 to /content/master-thesis/checkpoints/tinyllama_helpsteer2/tinyllama-helpsteer2-verbosity-adapter/best-eval-loss
verbosity step 70: train_loss=0.8183, grad_norm=0.2891
Token indices sequence length is longer than the specified maximum sequence length for this model (2422 > 2048). Running this sequence through the model will result in indexing errors
verbosity step 80: train_loss=0.7905, grad_norm=0.3555
verbosity step 80: eval_loss=0.8278
Saved best eval_loss=0.8278 at global_step=80 to /content/master-thesis/checkpoints/tinyllama_helpsteer2/tinyllama-helpsteer2-verbosity-adapter/best-eval-loss
verbosity step 90: train_loss=0.7893, grad_norm=0.2852
verbosity step 100: train_loss=0.7762, grad_norm=0.3438
verbosity step 100: eval_loss=0.8251
Saved best eval_loss=0.8251 at global_step=100 to /content/master-thesis/checkpoints/tinyllama_helpsteer2/tinyllama-helpsteer2-verbosity-adapter/best-eval-loss
verbosity step 110: train_loss=0.7594, grad_norm=0.3379
verbosity step 120: train_loss=0.7755, grad_norm=0.2910
verbosity step 120: eval_loss=0.8234
Saved best eval_loss=0.8234 at global_step=120 to /content/master-thesis/checkpoints/tinyllama_helpsteer2/tinyllama-helpsteer2-verbosity-adapter/best-eval-loss
verbosity step 130: train_loss=0.7502, grad_norm=0.3203
verbosity step 140: train_loss=0.7971, grad_norm=0.3145
verbosity step 140: eval_loss=0.8215
Saved best eval_loss=0.8215 at global_step=140 to /content/master-thesis/checkpoints/tinyllama_helpsteer2/tinyllama-helpsteer2-verbosity-adapter/best-eval-loss
verbosity step 150: train_loss=0.8311, grad_norm=0.3242
verbosity step 160: train_loss=0.7912, grad_norm=0.3008
verbosity step 160: eval_loss=0.8207
Saved best eval_loss=0.8207 at global_step=160 to /content/master-thesis/checkpoints/tinyllama_helpsteer2/tinyllama-helpsteer2-verbosity-adapter/best-eval-loss
verbosity step 170: train_loss=0.8137, grad_norm=0.3086
verbosity step 180: train_loss=0.7428, grad_norm=0.2930
verbosity step 180: eval_loss=0.8195
Saved best eval_loss=0.8195 at global_step=180 to /content/master-thesis/checkpoints/tinyllama_helpsteer2/tinyllama-helpsteer2-verbosity-adapter/best-eval-loss
verbosity step 190: train_loss=0.7634, grad_norm=0.2773
verbosity step 200: train_loss=0.7850, grad_norm=0.3203
verbosity step 200: eval_loss=0.8186
Saved best eval_loss=0.8186 at global_step=200 to /content/master-thesis/checkpoints/tinyllama_helpsteer2/tinyllama-helpsteer2-verbosity-adapter/best-eval-loss
verbosity step 210: train_loss=0.7819, grad_norm=0.3691
verbosity step 220: train_loss=0.8426, grad_norm=0.3457
verbosity step 220: eval_loss=0.8180
Saved best eval_loss=0.8180 at global_step=220 to /content/master-thesis/checkpoints/tinyllama_helpsteer2/tinyllama-helpsteer2-verbosity-adapter/best-eval-loss
verbosity step 230: train_loss=0.7759, grad_norm=0.3730
verbosity step 240: train_loss=0.7603, grad_norm=0.2910
verbosity step 240: eval_loss=0.8173
Saved best eval_loss=0.8173 at global_step=240 to /content/master-thesis/checkpoints/tinyllama_helpsteer2/tinyllama-helpsteer2-verbosity-adapter/best-eval-loss
verbosity step 250: train_loss=0.7345, grad_norm=0.3223
Epoch 1/3 - average train loss: 0.7940
verbosity epoch 1: eval_loss=0.8164
Saved best eval_loss=0.8164 at global_step=251 to /content/master-thesis/checkpoints/tinyllama_helpsteer2/tinyllama-helpsteer2-verbosity-adapter/best-eval-loss

Epoch 2/3 for verbosity (next_learning_rate=8.2473404e-05, shuffle_seed=68)
verbosity step 260: train_loss=0.7765, grad_norm=0.2354
verbosity step 260: eval_loss=0.8160
Saved best eval_loss=0.8160 at global_step=260 to /content/master-thesis/checkpoints/tinyllama_helpsteer2/tinyllama-helpsteer2-verbosity-adapter/best-eval-loss
verbosity step 270: train_loss=0.7498, grad_norm=0.3281
verbosity step 280: train_loss=0.7397, grad_norm=0.3242
verbosity step 280: eval_loss=0.8170
verbosity step 290: train_loss=0.7711, grad_norm=0.2949
verbosity step 300: train_loss=0.7461, grad_norm=0.3066
verbosity step 300: eval_loss=0.8166
verbosity step 310: train_loss=0.7198, grad_norm=0.3262
verbosity step 320: train_loss=0.7390, grad_norm=0.3789
verbosity step 320: eval_loss=0.8189
verbosity step 330: train_loss=0.7160, grad_norm=0.3594
verbosity step 340: train_loss=0.7428, grad_norm=0.3496
verbosity step 340: eval_loss=0.8169
verbosity step 350: train_loss=0.7467, grad_norm=0.3672
verbosity step 360: train_loss=0.7494, grad_norm=0.3809
verbosity step 360: eval_loss=0.8175
verbosity step 370: train_loss=0.7278, grad_norm=0.3496
verbosity step 380: train_loss=0.7554, grad_norm=0.4043
verbosity step 380: eval_loss=0.8165
verbosity step 390: train_loss=0.7122, grad_norm=0.3672
verbosity step 400: train_loss=0.8056, grad_norm=0.3711
verbosity step 400: eval_loss=0.8168
verbosity step 410: train_loss=0.8063, grad_norm=0.3848
verbosity step 420: train_loss=0.7227, grad_norm=0.3203
verbosity step 420: eval_loss=0.8167
verbosity step 430: train_loss=0.7780, grad_norm=0.4355
verbosity step 440: train_loss=0.7312, grad_norm=0.3535
verbosity step 440: eval_loss=0.8158
Saved best eval_loss=0.8158 at global_step=440 to /content/master-thesis/checkpoints/tinyllama_helpsteer2/tinyllama-helpsteer2-verbosity-adapter/best-eval-loss
verbosity step 450: train_loss=0.7217, grad_norm=0.3770
verbosity step 460: train_loss=0.8168, grad_norm=0.4336
verbosity step 460: eval_loss=0.8159
verbosity step 470: train_loss=0.7466, grad_norm=0.3672
verbosity step 480: train_loss=0.7209, grad_norm=0.4258
verbosity step 480: eval_loss=0.8154
Saved best eval_loss=0.8154 at global_step=480 to /content/master-thesis/checkpoints/tinyllama_helpsteer2/tinyllama-helpsteer2-verbosity-adapter/best-eval-loss
verbosity step 490: train_loss=0.7321, grad_norm=0.3965
verbosity step 500: train_loss=0.7734, grad_norm=0.4277
verbosity step 500: eval_loss=0.8155
Saved checkpoint at global_step=500 to /content/master-thesis/checkpoints/tinyllama_helpsteer2/tinyllama-helpsteer2-verbosity-adapter/step-00000500
Epoch 2/3 - average train loss: 0.7495
verbosity epoch 2: eval_loss=0.8154

Epoch 3/3 for verbosity (next_learning_rate=3.5141793e-05, shuffle_seed=69)
verbosity step 510: train_loss=0.7229, grad_norm=0.4160
verbosity step 520: train_loss=0.6920, grad_norm=0.3730
verbosity step 520: eval_loss=0.8179
verbosity step 530: train_loss=0.6566, grad_norm=0.3379
verbosity step 540: train_loss=0.6538, grad_norm=0.3086
verbosity step 540: eval_loss=0.8183
verbosity step 550: train_loss=0.7456, grad_norm=0.3945
verbosity step 560: train_loss=0.7541, grad_norm=0.4258
verbosity step 560: eval_loss=0.8179
verbosity step 570: train_loss=0.7209, grad_norm=0.3984
verbosity step 580: train_loss=0.7774, grad_norm=0.3789
verbosity step 580: eval_loss=0.8176
verbosity step 590: train_loss=0.7252, grad_norm=0.4316
verbosity step 600: train_loss=0.6985, grad_norm=0.3984
verbosity step 600: eval_loss=0.8177
verbosity step 610: train_loss=0.7809, grad_norm=0.4961
verbosity step 620: train_loss=0.7303, grad_norm=0.3887
verbosity step 620: eval_loss=0.8176
verbosity step 630: train_loss=0.7079, grad_norm=0.3984
verbosity step 640: train_loss=0.7361, grad_norm=0.4082
verbosity step 640: eval_loss=0.8172
verbosity step 650: train_loss=0.7087, grad_norm=0.4336
verbosity step 660: train_loss=0.7100, grad_norm=0.3730
verbosity step 660: eval_loss=0.8173
verbosity step 670: train_loss=0.6788, grad_norm=0.2598
verbosity step 680: train_loss=0.7249, grad_norm=0.4453
verbosity step 680: eval_loss=0.8177
verbosity step 690: train_loss=0.7737, grad_norm=0.3398
verbosity step 700: train_loss=0.6951, grad_norm=0.3887
verbosity step 700: eval_loss=0.8176
verbosity step 710: train_loss=0.7442, grad_norm=0.4180
verbosity step 720: train_loss=0.7453, grad_norm=0.4629
verbosity step 720: eval_loss=0.8174
verbosity step 730: train_loss=0.7150, grad_norm=0.4277
verbosity step 740: train_loss=0.6749, grad_norm=0.3359
verbosity step 740: eval_loss=0.8174
verbosity step 750: train_loss=0.7774, grad_norm=0.4375
Epoch 3/3 - average train loss: 0.7220
verbosity epoch 3: eval_loss=0.8174
Saved best-by-eval-loss verbosity adapter to /content/master-thesis/adapters/tinyllama-helpsteer2-verbosity-adapter (eval_loss=0.8154, global_step=480)

=== TinyLlama HelpSteer2 helpfulness adapter ===
Attribute selection threshold: rating >= 4
Training text cap: 2005 examples after low-overlap selection
Loading training split 'train'
Selected 2005 high-helpfulness training texts with low-overlap selection.
Selection prior-use buckets: {0: 2005}
Selected rating counts: {4: 2005}
Loading evaluation split 'validation'
Selected 432 evaluation texts.
Output adapter path: /content/master-thesis/adapters/tinyllama-helpsteer2-helpfulness-adapter
ArmoRM monitoring disabled.
Learning rate: 0.0001
Weight decay: 0.01
Requested precision: bf16
Gradient accumulation steps: 1
Effective batch size: 8
Max grad norm: 1.0
Save best by eval loss: True
LR scheduler: cosine_decay
Warmup ratio: 0.06
Minimum LR ratio: 0.1
LoRA rank: 8
LoRA alpha: 16
LoRA dropout: 0.1
Loading a fresh base model: TinyLlama/TinyLlama-1.1B-Chat-v1.0
Actual training precision: bf16
trainable params: 6,307,840 || all params: 1,106,356,224 || trainable%: 0.570145479653396
Learning-rate warmup: ratio=0.06, warmup_steps=45, total_steps=753
Batching: micro_batch_size=8, gradient_accumulation_steps=1, effective_batch_size=8
Gradient clipping: max_grad_norm=1.0
Best-by-eval-loss saving: True
TensorBoard log directory: /content/master-thesis/results/tensorboard/tinyllama_helpsteer2/helpfulness

Epoch 1/3 for helpfulness (next_learning_rate=2.2222222e-06, shuffle_seed=67)
helpfulness step 10: train_loss=0.8738, grad_norm=0.4004
helpfulness step 20: train_loss=0.9072, grad_norm=0.4434
helpfulness step 20: eval_loss=0.9667
Saved best eval_loss=0.9667 at global_step=20 to /content/master-thesis/checkpoints/tinyllama_helpsteer2/tinyllama-helpsteer2-helpfulness-adapter/best-eval-loss
helpfulness step 30: train_loss=0.8607, grad_norm=0.4707
helpfulness step 40: train_loss=0.8240, grad_norm=0.4980
helpfulness step 40: eval_loss=0.9227
Saved best eval_loss=0.9227 at global_step=40 to /content/master-thesis/checkpoints/tinyllama_helpsteer2/tinyllama-helpsteer2-helpfulness-adapter/best-eval-loss
helpfulness step 50: train_loss=0.8856, grad_norm=0.5391
helpfulness step 60: train_loss=0.8575, grad_norm=0.5117
helpfulness step 60: eval_loss=0.9082
Saved best eval_loss=0.9082 at global_step=60 to /content/master-thesis/checkpoints/tinyllama_helpsteer2/tinyllama-helpsteer2-helpfulness-adapter/best-eval-loss
helpfulness step 70: train_loss=0.8240, grad_norm=0.5430
helpfulness step 80: train_loss=0.8833, grad_norm=0.4023
helpfulness step 80: eval_loss=0.9042
Saved best eval_loss=0.9042 at global_step=80 to /content/master-thesis/checkpoints/tinyllama_helpsteer2/tinyllama-helpsteer2-helpfulness-adapter/best-eval-loss
helpfulness step 90: train_loss=0.8244, grad_norm=0.5234
helpfulness step 100: train_loss=0.8498, grad_norm=0.3574
helpfulness step 100: eval_loss=0.9024
Saved best eval_loss=0.9024 at global_step=100 to /content/master-thesis/checkpoints/tinyllama_helpsteer2/tinyllama-helpsteer2-helpfulness-adapter/best-eval-loss
helpfulness step 110: train_loss=0.7843, grad_norm=0.4121
helpfulness step 120: train_loss=0.7934, grad_norm=0.5156
helpfulness step 120: eval_loss=0.8996
Saved best eval_loss=0.8996 at global_step=120 to /content/master-thesis/checkpoints/tinyllama_helpsteer2/tinyllama-helpsteer2-helpfulness-adapter/best-eval-loss
helpfulness step 130: train_loss=0.8551, grad_norm=0.6016
helpfulness step 140: train_loss=0.8049, grad_norm=0.3242
helpfulness step 140: eval_loss=0.8987
Saved best eval_loss=0.8987 at global_step=140 to /content/master-thesis/checkpoints/tinyllama_helpsteer2/tinyllama-helpsteer2-helpfulness-adapter/best-eval-loss
helpfulness step 150: train_loss=0.8098, grad_norm=0.5859
helpfulness step 160: train_loss=0.8043, grad_norm=0.4629
helpfulness step 160: eval_loss=0.8985
Saved best eval_loss=0.8985 at global_step=160 to /content/master-thesis/checkpoints/tinyllama_helpsteer2/tinyllama-helpsteer2-helpfulness-adapter/best-eval-loss
helpfulness step 170: train_loss=0.7873, grad_norm=0.3828
helpfulness step 180: train_loss=0.8329, grad_norm=0.5430
helpfulness step 180: eval_loss=0.8976
Saved best eval_loss=0.8976 at global_step=180 to /content/master-thesis/checkpoints/tinyllama_helpsteer2/tinyllama-helpsteer2-helpfulness-adapter/best-eval-loss
helpfulness step 190: train_loss=0.7792, grad_norm=0.5391
helpfulness step 200: train_loss=0.8017, grad_norm=0.4648
helpfulness step 200: eval_loss=0.8976
Saved best eval_loss=0.8976 at global_step=200 to /content/master-thesis/checkpoints/tinyllama_helpsteer2/tinyllama-helpsteer2-helpfulness-adapter/best-eval-loss
helpfulness step 210: train_loss=0.7648, grad_norm=0.4414
helpfulness step 220: train_loss=0.8557, grad_norm=0.4688
helpfulness step 220: eval_loss=0.8952
Saved best eval_loss=0.8952 at global_step=220 to /content/master-thesis/checkpoints/tinyllama_helpsteer2/tinyllama-helpsteer2-helpfulness-adapter/best-eval-loss
helpfulness step 230: train_loss=0.7723, grad_norm=0.3770
helpfulness step 240: train_loss=0.8266, grad_norm=0.3457
helpfulness step 240: eval_loss=0.8945
Saved best eval_loss=0.8945 at global_step=240 to /content/master-thesis/checkpoints/tinyllama_helpsteer2/tinyllama-helpsteer2-helpfulness-adapter/best-eval-loss
helpfulness step 250: train_loss=0.8041, grad_norm=0.5078
Epoch 1/3 - average train loss: 0.8266
helpfulness epoch 1: eval_loss=0.8944
Saved best eval_loss=0.8944 at global_step=251 to /content/master-thesis/checkpoints/tinyllama_helpsteer2/tinyllama-helpsteer2-helpfulness-adapter/best-eval-loss

Epoch 2/3 for helpfulness (next_learning_rate=8.2473404e-05, shuffle_seed=68)
helpfulness step 260: train_loss=0.7986, grad_norm=0.5312
helpfulness step 260: eval_loss=0.8947
helpfulness step 270: train_loss=0.8134, grad_norm=0.3086
helpfulness step 280: train_loss=0.7770, grad_norm=0.3809
helpfulness step 280: eval_loss=0.8952
helpfulness step 290: train_loss=0.7496, grad_norm=0.7656
helpfulness step 300: train_loss=0.8024, grad_norm=0.4238
helpfulness step 300: eval_loss=0.8950
helpfulness step 310: train_loss=0.7924, grad_norm=0.4688
helpfulness step 320: train_loss=0.7331, grad_norm=0.4570
helpfulness step 320: eval_loss=0.8969
helpfulness step 330: train_loss=0.7632, grad_norm=0.3770
helpfulness step 340: train_loss=0.7668, grad_norm=0.6094
helpfulness step 340: eval_loss=0.8953
helpfulness step 350: train_loss=0.7665, grad_norm=0.4258
helpfulness step 360: train_loss=0.7299, grad_norm=0.4844
helpfulness step 360: eval_loss=0.8965
helpfulness step 370: train_loss=0.7689, grad_norm=0.4941
helpfulness step 380: train_loss=0.7632, grad_norm=0.4688
helpfulness step 380: eval_loss=0.8961
helpfulness step 390: train_loss=0.7475, grad_norm=0.4512
helpfulness step 400: train_loss=0.7903, grad_norm=0.5469
helpfulness step 400: eval_loss=0.8949
helpfulness step 410: train_loss=0.6925, grad_norm=0.4355
helpfulness step 420: train_loss=0.7551, grad_norm=0.5430
helpfulness step 420: eval_loss=0.8957
helpfulness step 430: train_loss=0.7521, grad_norm=0.5703
helpfulness step 440: train_loss=0.8047, grad_norm=0.4980
helpfulness step 440: eval_loss=0.8945
helpfulness step 450: train_loss=0.8007, grad_norm=0.5273
helpfulness step 460: train_loss=0.7536, grad_norm=0.5742
helpfulness step 460: eval_loss=0.8975
helpfulness step 470: train_loss=0.7419, grad_norm=0.4570
helpfulness step 480: train_loss=0.8290, grad_norm=0.4551
helpfulness step 480: eval_loss=0.8947
helpfulness step 490: train_loss=0.7532, grad_norm=0.6094
helpfulness step 500: train_loss=0.7493, grad_norm=0.5312
helpfulness step 500: eval_loss=0.8955
Saved checkpoint at global_step=500 to /content/master-thesis/checkpoints/tinyllama_helpsteer2/tinyllama-helpsteer2-helpfulness-adapter/step-00000500
Epoch 2/3 - average train loss: 0.7672
helpfulness epoch 2: eval_loss=0.8955

Epoch 3/3 for helpfulness (next_learning_rate=3.5141793e-05, shuffle_seed=69)
helpfulness step 510: train_loss=0.7052, grad_norm=0.5312
helpfulness step 520: train_loss=0.7436, grad_norm=0.4551
helpfulness step 520: eval_loss=0.8971
helpfulness step 530: train_loss=0.7128, grad_norm=0.5352
helpfulness step 540: train_loss=0.8000, grad_norm=0.5469
helpfulness step 540: eval_loss=0.8970
helpfulness step 550: train_loss=0.7614, grad_norm=0.5078
helpfulness step 560: train_loss=0.7308, grad_norm=0.5039
helpfulness step 560: eval_loss=0.8981
helpfulness step 570: train_loss=0.7652, grad_norm=0.5508
helpfulness step 580: train_loss=0.6896, grad_norm=0.6055
helpfulness step 580: eval_loss=0.8990
helpfulness step 590: train_loss=0.7022, grad_norm=0.5039
helpfulness step 600: train_loss=0.7355, grad_norm=0.5664
helpfulness step 600: eval_loss=0.8985
helpfulness step 610: train_loss=0.7643, grad_norm=0.6211
helpfulness step 620: train_loss=0.7275, grad_norm=0.5703
helpfulness step 620: eval_loss=0.8977
helpfulness step 630: train_loss=0.6996, grad_norm=0.5625
helpfulness step 640: train_loss=0.7634, grad_norm=0.5078
helpfulness step 640: eval_loss=0.8981
helpfulness step 650: train_loss=0.6855, grad_norm=0.5820
helpfulness step 660: train_loss=0.7159, grad_norm=0.5195
helpfulness step 660: eval_loss=0.8992
helpfulness step 670: train_loss=0.7070, grad_norm=0.5742
helpfulness step 680: train_loss=0.7332, grad_norm=0.5352
helpfulness step 680: eval_loss=0.8993
helpfulness step 690: train_loss=0.6769, grad_norm=0.6797
helpfulness step 700: train_loss=0.7017, grad_norm=0.4570
helpfulness step 700: eval_loss=0.8988
helpfulness step 710: train_loss=0.7276, grad_norm=0.5938
helpfulness step 720: train_loss=0.7346, grad_norm=0.6094
helpfulness step 720: eval_loss=0.8986
helpfulness step 730: train_loss=0.7765, grad_norm=0.4531
helpfulness step 740: train_loss=0.7153, grad_norm=0.4746
helpfulness step 740: eval_loss=0.8985
helpfulness step 750: train_loss=0.7734, grad_norm=0.6250
Epoch 3/3 - average train loss: 0.7303
helpfulness epoch 3: eval_loss=0.8985
Saved best-by-eval-loss helpfulness adapter to /content/master-thesis/adapters/tinyllama-helpsteer2-helpfulness-adapter (eval_loss=0.8944, global_step=251)

=== TinyLlama HelpSteer2 correctness adapter ===
Attribute selection threshold: rating >= 4
Training text cap: 2005 examples after low-overlap selection
Loading training split 'train'
Selected 2005 high-correctness training texts with low-overlap selection.
Selection prior-use buckets: {0: 2005}
Selected rating counts: {4: 2005}
Loading evaluation split 'validation'
Selected 491 evaluation texts.
Output adapter path: /content/master-thesis/adapters/tinyllama-helpsteer2-correctness-adapter
ArmoRM monitoring disabled.
Learning rate: 0.0001
Weight decay: 0.01
Requested precision: bf16
Gradient accumulation steps: 1
Effective batch size: 8
Max grad norm: 1.0
Save best by eval loss: True
LR scheduler: cosine_decay
Warmup ratio: 0.06
Minimum LR ratio: 0.1
LoRA rank: 8
LoRA alpha: 16
LoRA dropout: 0.1
Loading a fresh base model: TinyLlama/TinyLlama-1.1B-Chat-v1.0
Actual training precision: bf16
trainable params: 6,307,840 || all params: 1,106,356,224 || trainable%: 0.570145479653396
Learning-rate warmup: ratio=0.06, warmup_steps=45, total_steps=753
Batching: micro_batch_size=8, gradient_accumulation_steps=1, effective_batch_size=8
Gradient clipping: max_grad_norm=1.0
Best-by-eval-loss saving: True
TensorBoard log directory: /content/master-thesis/results/tensorboard/tinyllama_helpsteer2/correctness

Epoch 1/3 for correctness (next_learning_rate=2.2222222e-06, shuffle_seed=67)
correctness step 10: train_loss=0.9804, grad_norm=0.4199
correctness step 20: train_loss=0.9406, grad_norm=0.3203
correctness step 20: eval_loss=0.9653
Saved best eval_loss=0.9653 at global_step=20 to /content/master-thesis/checkpoints/tinyllama_helpsteer2/tinyllama-helpsteer2-correctness-adapter/best-eval-loss
correctness step 30: train_loss=0.9098, grad_norm=0.4414
correctness step 40: train_loss=0.9325, grad_norm=0.5039
correctness step 40: eval_loss=0.9242
Saved best eval_loss=0.9242 at global_step=40 to /content/master-thesis/checkpoints/tinyllama_helpsteer2/tinyllama-helpsteer2-correctness-adapter/best-eval-loss
correctness step 50: train_loss=0.8891, grad_norm=0.4277
correctness step 60: train_loss=0.8258, grad_norm=0.4629
correctness step 60: eval_loss=0.9136
Saved best eval_loss=0.9136 at global_step=60 to /content/master-thesis/checkpoints/tinyllama_helpsteer2/tinyllama-helpsteer2-correctness-adapter/best-eval-loss
correctness step 70: train_loss=0.8487, grad_norm=0.3965
correctness step 80: train_loss=0.8394, grad_norm=0.3789
correctness step 80: eval_loss=0.9078
Saved best eval_loss=0.9078 at global_step=80 to /content/master-thesis/checkpoints/tinyllama_helpsteer2/tinyllama-helpsteer2-correctness-adapter/best-eval-loss
correctness step 90: train_loss=0.8356, grad_norm=0.4688
correctness step 100: train_loss=0.8962, grad_norm=0.4668
correctness step 100: eval_loss=0.9039
Saved best eval_loss=0.9039 at global_step=100 to /content/master-thesis/checkpoints/tinyllama_helpsteer2/tinyllama-helpsteer2-correctness-adapter/best-eval-loss
correctness step 110: train_loss=0.8387, grad_norm=0.3770
correctness step 120: train_loss=0.8904, grad_norm=0.4141
correctness step 120: eval_loss=0.9019
Saved best eval_loss=0.9019 at global_step=120 to /content/master-thesis/checkpoints/tinyllama_helpsteer2/tinyllama-helpsteer2-correctness-adapter/best-eval-loss
correctness step 130: train_loss=0.9509, grad_norm=0.4629
correctness step 140: train_loss=0.8951, grad_norm=0.4453
correctness step 140: eval_loss=0.8995
Saved best eval_loss=0.8995 at global_step=140 to /content/master-thesis/checkpoints/tinyllama_helpsteer2/tinyllama-helpsteer2-correctness-adapter/best-eval-loss
correctness step 150: train_loss=0.9015, grad_norm=0.4141
correctness step 160: train_loss=0.8196, grad_norm=0.2988
correctness step 160: eval_loss=0.8982
Saved best eval_loss=0.8982 at global_step=160 to /content/master-thesis/checkpoints/tinyllama_helpsteer2/tinyllama-helpsteer2-correctness-adapter/best-eval-loss
correctness step 170: train_loss=0.8718, grad_norm=0.4082
correctness step 180: train_loss=0.9327, grad_norm=0.4219
correctness step 180: eval_loss=0.8968
Saved best eval_loss=0.8968 at global_step=180 to /content/master-thesis/checkpoints/tinyllama_helpsteer2/tinyllama-helpsteer2-correctness-adapter/best-eval-loss
correctness step 190: train_loss=0.8386, grad_norm=0.3828
correctness step 200: train_loss=0.8417, grad_norm=0.3301
correctness step 200: eval_loss=0.8961
Saved best eval_loss=0.8961 at global_step=200 to /content/master-thesis/checkpoints/tinyllama_helpsteer2/tinyllama-helpsteer2-correctness-adapter/best-eval-loss
correctness step 210: train_loss=0.8761, grad_norm=0.4980
correctness step 220: train_loss=0.8155, grad_norm=0.3262
correctness step 220: eval_loss=0.8945
Saved best eval_loss=0.8945 at global_step=220 to /content/master-thesis/checkpoints/tinyllama_helpsteer2/tinyllama-helpsteer2-correctness-adapter/best-eval-loss
correctness step 230: train_loss=0.8917, grad_norm=0.3379
correctness step 240: train_loss=0.8339, grad_norm=0.3359
correctness step 240: eval_loss=0.8937
Saved best eval_loss=0.8937 at global_step=240 to /content/master-thesis/checkpoints/tinyllama_helpsteer2/tinyllama-helpsteer2-correctness-adapter/best-eval-loss
correctness step 250: train_loss=0.8336, grad_norm=0.4805
Epoch 1/3 - average train loss: 0.8772
correctness epoch 1: eval_loss=0.8931
Saved best eval_loss=0.8931 at global_step=251 to /content/master-thesis/checkpoints/tinyllama_helpsteer2/tinyllama-helpsteer2-correctness-adapter/best-eval-loss

Epoch 2/3 for correctness (next_learning_rate=8.2473404e-05, shuffle_seed=68)
correctness step 260: train_loss=0.8630, grad_norm=0.3828
correctness step 260: eval_loss=0.8939
correctness step 270: train_loss=0.8028, grad_norm=0.3457
correctness step 280: train_loss=0.8716, grad_norm=0.4473
correctness step 280: eval_loss=0.8930
Saved best eval_loss=0.8930 at global_step=280 to /content/master-thesis/checkpoints/tinyllama_helpsteer2/tinyllama-helpsteer2-correctness-adapter/best-eval-loss
correctness step 290: train_loss=0.8276, grad_norm=0.3945
correctness step 300: train_loss=0.8090, grad_norm=0.4707
correctness step 300: eval_loss=0.8938
correctness step 310: train_loss=0.7854, grad_norm=0.4512
correctness step 320: train_loss=0.8289, grad_norm=0.3242
correctness step 320: eval_loss=0.8939
correctness step 330: train_loss=0.8525, grad_norm=0.4961
correctness step 340: train_loss=0.8499, grad_norm=0.5039
correctness step 340: eval_loss=0.8941
correctness step 350: train_loss=0.7957, grad_norm=0.4863
correctness step 360: train_loss=0.7816, grad_norm=0.4863
correctness step 360: eval_loss=0.8947
correctness step 370: train_loss=0.8435, grad_norm=0.4766
correctness step 380: train_loss=0.8494, grad_norm=0.4629
correctness step 380: eval_loss=0.8930
correctness step 390: train_loss=0.8091, grad_norm=0.5312
correctness step 400: train_loss=0.8849, grad_norm=0.5391
correctness step 400: eval_loss=0.8940
correctness step 410: train_loss=0.8080, grad_norm=0.4590
correctness step 420: train_loss=0.8646, grad_norm=0.4922
correctness step 420: eval_loss=0.8929
Saved best eval_loss=0.8929 at global_step=420 to /content/master-thesis/checkpoints/tinyllama_helpsteer2/tinyllama-helpsteer2-correctness-adapter/best-eval-loss
correctness step 430: train_loss=0.8319, grad_norm=0.4375
correctness step 440: train_loss=0.8022, grad_norm=0.4570
correctness step 440: eval_loss=0.8930
correctness step 450: train_loss=0.8212, grad_norm=0.5352
correctness step 460: train_loss=0.8218, grad_norm=0.4863
correctness step 460: eval_loss=0.8923
Saved best eval_loss=0.8923 at global_step=460 to /content/master-thesis/checkpoints/tinyllama_helpsteer2/tinyllama-helpsteer2-correctness-adapter/best-eval-loss
correctness step 470: train_loss=0.8242, grad_norm=0.5430
correctness step 480: train_loss=0.7842, grad_norm=0.5586
correctness step 480: eval_loss=0.8921
Saved best eval_loss=0.8921 at global_step=480 to /content/master-thesis/checkpoints/tinyllama_helpsteer2/tinyllama-helpsteer2-correctness-adapter/best-eval-loss
correctness step 490: train_loss=0.7918, grad_norm=0.3965
correctness step 500: train_loss=0.8170, grad_norm=0.4375
correctness step 500: eval_loss=0.8916
Saved best eval_loss=0.8916 at global_step=500 to /content/master-thesis/checkpoints/tinyllama_helpsteer2/tinyllama-helpsteer2-correctness-adapter/best-eval-loss
Saved checkpoint at global_step=500 to /content/master-thesis/checkpoints/tinyllama_helpsteer2/tinyllama-helpsteer2-correctness-adapter/step-00000500
Epoch 2/3 - average train loss: 0.8239
correctness epoch 2: eval_loss=0.8918

Epoch 3/3 for correctness (next_learning_rate=3.5141793e-05, shuffle_seed=69)
correctness step 510: train_loss=0.7637, grad_norm=0.5469
correctness step 520: train_loss=0.7920, grad_norm=0.6758
correctness step 520: eval_loss=0.8935
correctness step 530: train_loss=0.7637, grad_norm=0.4727
correctness step 540: train_loss=0.7823, grad_norm=0.6250
correctness step 540: eval_loss=0.8949
correctness step 550: train_loss=0.8222, grad_norm=0.4961
correctness step 560: train_loss=0.8296, grad_norm=0.6094
correctness step 560: eval_loss=0.8938
correctness step 570: train_loss=0.8406, grad_norm=0.4355
correctness step 580: train_loss=0.8006, grad_norm=0.4551
correctness step 580: eval_loss=0.8945
correctness step 590: train_loss=0.7481, grad_norm=0.4629
correctness step 600: train_loss=0.8028, grad_norm=0.5156
correctness step 600: eval_loss=0.8951
correctness step 610: train_loss=0.7901, grad_norm=0.5312
correctness step 620: train_loss=0.8161, grad_norm=0.4902
correctness step 620: eval_loss=0.8949
correctness step 630: train_loss=0.8088, grad_norm=0.5703
correctness step 640: train_loss=0.7477, grad_norm=0.6484
correctness step 640: eval_loss=0.8946
correctness step 650: train_loss=0.7940, grad_norm=0.4551
correctness step 660: train_loss=0.7723, grad_norm=0.5664
correctness step 660: eval_loss=0.8947
correctness step 670: train_loss=0.8200, grad_norm=0.4688
correctness step 680: train_loss=0.7298, grad_norm=0.4727
correctness step 680: eval_loss=0.8948
correctness step 690: train_loss=0.7761, grad_norm=0.4980
correctness step 700: train_loss=0.7980, grad_norm=0.4844
correctness step 700: eval_loss=0.8950
correctness step 710: train_loss=0.7651, grad_norm=0.5391
correctness step 720: train_loss=0.7884, grad_norm=0.5352
correctness step 720: eval_loss=0.8949
correctness step 730: train_loss=0.7581, grad_norm=0.4961
correctness step 740: train_loss=0.7745, grad_norm=0.4941
correctness step 740: eval_loss=0.8948
correctness step 750: train_loss=0.7879, grad_norm=0.4727
Epoch 3/3 - average train loss: 0.7870
correctness epoch 3: eval_loss=0.8947
Saved best-by-eval-loss correctness adapter to /content/master-thesis/adapters/tinyllama-helpsteer2-correctness-adapter (eval_loss=0.8916, global_step=500)

=== TinyLlama HelpSteer2 coherence adapter ===
Attribute selection threshold: rating >= 4
Training text cap: 2005 examples after low-overlap selection
Loading training split 'train'
Selected 2005 high-coherence training texts with low-overlap selection.
Selection prior-use buckets: {0: 2005}
Selected rating counts: {4: 2005}
Loading evaluation split 'validation'
Selected 753 evaluation texts.
Output adapter path: /content/master-thesis/adapters/tinyllama-helpsteer2-coherence-adapter
ArmoRM monitoring disabled.
Learning rate: 0.0001
Weight decay: 0.01
Requested precision: bf16
Gradient accumulation steps: 1
Effective batch size: 8
Max grad norm: 1.0
Save best by eval loss: True
LR scheduler: cosine_decay
Warmup ratio: 0.06
Minimum LR ratio: 0.1
LoRA rank: 8
LoRA alpha: 16
LoRA dropout: 0.1
Loading a fresh base model: TinyLlama/TinyLlama-1.1B-Chat-v1.0
Actual training precision: bf16
trainable params: 6,307,840 || all params: 1,106,356,224 || trainable%: 0.570145479653396
Learning-rate warmup: ratio=0.06, warmup_steps=45, total_steps=753
Batching: micro_batch_size=8, gradient_accumulation_steps=1, effective_batch_size=8
Gradient clipping: max_grad_norm=1.0
Best-by-eval-loss saving: True
TensorBoard log directory: /content/master-thesis/results/tensorboard/tinyllama_helpsteer2/coherence

Epoch 1/3 for coherence (next_learning_rate=2.2222222e-06, shuffle_seed=67)
coherence step 10: train_loss=0.9256, grad_norm=0.2500
coherence step 20: train_loss=0.9397, grad_norm=0.3496
coherence step 20: eval_loss=0.9481
Saved best eval_loss=0.9481 at global_step=20 to /content/master-thesis/checkpoints/tinyllama_helpsteer2/tinyllama-helpsteer2-coherence-adapter/best-eval-loss
coherence step 30: train_loss=0.8885, grad_norm=0.4590
coherence step 40: train_loss=0.9031, grad_norm=0.4805
coherence step 40: eval_loss=0.8993
Saved best eval_loss=0.8993 at global_step=40 to /content/master-thesis/checkpoints/tinyllama_helpsteer2/tinyllama-helpsteer2-coherence-adapter/best-eval-loss
coherence step 50: train_loss=0.8912, grad_norm=0.6094
coherence step 60: train_loss=0.8770, grad_norm=0.3926
coherence step 60: eval_loss=0.8853
Saved best eval_loss=0.8853 at global_step=60 to /content/master-thesis/checkpoints/tinyllama_helpsteer2/tinyllama-helpsteer2-coherence-adapter/best-eval-loss
coherence step 70: train_loss=0.8097, grad_norm=0.4766
coherence step 80: train_loss=0.8457, grad_norm=0.5039
coherence step 80: eval_loss=0.8797
Saved best eval_loss=0.8797 at global_step=80 to /content/master-thesis/checkpoints/tinyllama_helpsteer2/tinyllama-helpsteer2-coherence-adapter/best-eval-loss
coherence step 90: train_loss=0.8230, grad_norm=0.3633
coherence step 100: train_loss=0.8738, grad_norm=0.4512
coherence step 100: eval_loss=0.8760
Saved best eval_loss=0.8760 at global_step=100 to /content/master-thesis/checkpoints/tinyllama_helpsteer2/tinyllama-helpsteer2-coherence-adapter/best-eval-loss
coherence step 110: train_loss=0.8281, grad_norm=0.3477
coherence step 120: train_loss=0.7832, grad_norm=0.5391
coherence step 120: eval_loss=0.8744
Saved best eval_loss=0.8744 at global_step=120 to /content/master-thesis/checkpoints/tinyllama_helpsteer2/tinyllama-helpsteer2-coherence-adapter/best-eval-loss
coherence step 130: train_loss=0.8017, grad_norm=0.4062
coherence step 140: train_loss=0.8255, grad_norm=0.4062
coherence step 140: eval_loss=0.8722
Saved best eval_loss=0.8722 at global_step=140 to /content/master-thesis/checkpoints/tinyllama_helpsteer2/tinyllama-helpsteer2-coherence-adapter/best-eval-loss
coherence step 150: train_loss=0.8067, grad_norm=0.3477
coherence step 160: train_loss=0.7993, grad_norm=0.6562
coherence step 160: eval_loss=0.8724
coherence step 170: train_loss=0.7767, grad_norm=0.3516
coherence step 180: train_loss=0.8029, grad_norm=0.4199
coherence step 180: eval_loss=0.8704
Saved best eval_loss=0.8704 at global_step=180 to /content/master-thesis/checkpoints/tinyllama_helpsteer2/tinyllama-helpsteer2-coherence-adapter/best-eval-loss
coherence step 190: train_loss=0.8563, grad_norm=0.5000
coherence step 200: train_loss=0.8503, grad_norm=0.3574
coherence step 200: eval_loss=0.8698
Saved best eval_loss=0.8698 at global_step=200 to /content/master-thesis/checkpoints/tinyllama_helpsteer2/tinyllama-helpsteer2-coherence-adapter/best-eval-loss
coherence step 210: train_loss=0.7798, grad_norm=0.4453
coherence step 220: train_loss=0.8660, grad_norm=0.4707
coherence step 220: eval_loss=0.8684
Saved best eval_loss=0.8684 at global_step=220 to /content/master-thesis/checkpoints/tinyllama_helpsteer2/tinyllama-helpsteer2-coherence-adapter/best-eval-loss
coherence step 230: train_loss=0.8116, grad_norm=0.4785
coherence step 240: train_loss=0.7894, grad_norm=0.2949
coherence step 240: eval_loss=0.8676
Saved best eval_loss=0.8676 at global_step=240 to /content/master-thesis/checkpoints/tinyllama_helpsteer2/tinyllama-helpsteer2-coherence-adapter/best-eval-loss
coherence step 250: train_loss=0.8101, grad_norm=0.4629
Epoch 1/3 - average train loss: 0.8385
coherence epoch 1: eval_loss=0.8675
Saved best eval_loss=0.8675 at global_step=251 to /content/master-thesis/checkpoints/tinyllama_helpsteer2/tinyllama-helpsteer2-coherence-adapter/best-eval-loss

Epoch 2/3 for coherence (next_learning_rate=8.2473404e-05, shuffle_seed=68)
coherence step 260: train_loss=0.7517, grad_norm=0.3516
coherence step 260: eval_loss=0.8683
coherence step 270: train_loss=0.7698, grad_norm=0.4883
coherence step 280: train_loss=0.7964, grad_norm=0.4922
coherence step 280: eval_loss=0.8679
coherence step 290: train_loss=0.7747, grad_norm=0.3359
coherence step 300: train_loss=0.7416, grad_norm=0.5820
coherence step 300: eval_loss=0.8690
coherence step 310: train_loss=0.7642, grad_norm=0.4434
coherence step 320: train_loss=0.8063, grad_norm=0.4590
coherence step 320: eval_loss=0.8697
coherence step 330: train_loss=0.7667, grad_norm=0.3926
coherence step 340: train_loss=0.7755, grad_norm=0.4531
coherence step 340: eval_loss=0.8679
coherence step 350: train_loss=0.7833, grad_norm=0.4199
coherence step 360: train_loss=0.7942, grad_norm=0.5039
coherence step 360: eval_loss=0.8686
coherence step 370: train_loss=0.7523, grad_norm=0.4062
coherence step 380: train_loss=0.7636, grad_norm=0.4609
coherence step 380: eval_loss=0.8684
coherence step 390: train_loss=0.8539, grad_norm=0.5000
coherence step 400: train_loss=0.8041, grad_norm=0.4160
coherence step 400: eval_loss=0.8674
Saved best eval_loss=0.8674 at global_step=400 to /content/master-thesis/checkpoints/tinyllama_helpsteer2/tinyllama-helpsteer2-coherence-adapter/best-eval-loss
coherence step 410: train_loss=0.7864, grad_norm=0.6016
coherence step 420: train_loss=0.8040, grad_norm=0.3535
coherence step 420: eval_loss=0.8679
coherence step 430: train_loss=0.7909, grad_norm=0.4863
coherence step 440: train_loss=0.7767, grad_norm=0.4316
coherence step 440: eval_loss=0.8670
Saved best eval_loss=0.8670 at global_step=440 to /content/master-thesis/checkpoints/tinyllama_helpsteer2/tinyllama-helpsteer2-coherence-adapter/best-eval-loss
coherence step 450: train_loss=0.7594, grad_norm=0.5195
coherence step 460: train_loss=0.8042, grad_norm=0.5117
coherence step 460: eval_loss=0.8671
coherence step 470: train_loss=0.8407, grad_norm=0.4727
coherence step 480: train_loss=0.7609, grad_norm=0.6758
coherence step 480: eval_loss=0.8669
Saved best eval_loss=0.8669 at global_step=480 to /content/master-thesis/checkpoints/tinyllama_helpsteer2/tinyllama-helpsteer2-coherence-adapter/best-eval-loss
coherence step 490: train_loss=0.8461, grad_norm=0.5781
coherence step 500: train_loss=0.7379, grad_norm=0.5391
coherence step 500: eval_loss=0.8669
Saved best eval_loss=0.8669 at global_step=500 to /content/master-thesis/checkpoints/tinyllama_helpsteer2/tinyllama-helpsteer2-coherence-adapter/best-eval-loss
Saved checkpoint at global_step=500 to /content/master-thesis/checkpoints/tinyllama_helpsteer2/tinyllama-helpsteer2-coherence-adapter/step-00000500
Epoch 2/3 - average train loss: 0.7840
coherence epoch 2: eval_loss=0.8670

Epoch 3/3 for coherence (next_learning_rate=3.5141793e-05, shuffle_seed=69)
coherence step 510: train_loss=0.7550, grad_norm=0.5898
coherence step 520: train_loss=0.7092, grad_norm=0.6367
coherence step 520: eval_loss=0.8702
coherence step 530: train_loss=0.7955, grad_norm=0.7852
coherence step 540: train_loss=0.7654, grad_norm=0.4805
coherence step 540: eval_loss=0.8698
coherence step 550: train_loss=0.7547, grad_norm=0.4609
coherence step 560: train_loss=0.7260, grad_norm=0.4766
coherence step 560: eval_loss=0.8691
coherence step 570: train_loss=0.7852, grad_norm=0.4023
coherence step 580: train_loss=0.7810, grad_norm=0.4824
coherence step 580: eval_loss=0.8691
coherence step 590: train_loss=0.7602, grad_norm=0.4805
coherence step 600: train_loss=0.7572, grad_norm=0.4199
coherence step 600: eval_loss=0.8693
coherence step 610: train_loss=0.7411, grad_norm=0.4707
coherence step 620: train_loss=0.7573, grad_norm=0.4199
coherence step 620: eval_loss=0.8702
coherence step 630: train_loss=0.7867, grad_norm=0.5703
coherence step 640: train_loss=0.7726, grad_norm=0.3965
coherence step 640: eval_loss=0.8698
coherence step 650: train_loss=0.7283, grad_norm=0.6094
coherence step 660: train_loss=0.7592, grad_norm=0.5977
coherence step 660: eval_loss=0.8696
coherence step 670: train_loss=0.7362, grad_norm=0.6055
coherence step 680: train_loss=0.7858, grad_norm=0.4863
coherence step 680: eval_loss=0.8694
coherence step 690: train_loss=0.7561, grad_norm=0.5156
coherence step 700: train_loss=0.6841, grad_norm=0.5273
coherence step 700: eval_loss=0.8693
coherence step 710: train_loss=0.7024, grad_norm=0.4492
coherence step 720: train_loss=0.7078, grad_norm=0.5625
coherence step 720: eval_loss=0.8696
coherence step 730: train_loss=0.7554, grad_norm=0.4941
coherence step 740: train_loss=0.7082, grad_norm=0.6055
coherence step 740: eval_loss=0.8697
coherence step 750: train_loss=0.7552, grad_norm=0.5508
Epoch 3/3 - average train loss: 0.7486
coherence epoch 3: eval_loss=0.8698
Saved best-by-eval-loss coherence adapter to /content/master-thesis/adapters/tinyllama-helpsteer2-coherence-adapter (eval_loss=0.8669, global_step=500)
Finished TinyLlama HelpSteer2 adapter training.
