Selected attributes: complexity, verbosity, helpfulness, correctness, coherence
Selection thresholds: complexity>=2, verbosity>=3, helpfulness>=4, correctness>=4, coherence>=4
Training example cap: 2005 per attribute, using low-overlap selection
Training uses attribute-selected supervised HelpSteer2 texts. External reward monitoring, when enabled, is evaluation only.
Low-overlap training selection order: complexity -> verbosity -> helpfulness -> correctness -> coherence

=== TinyLlama HelpSteer2 complexity adapter ===
Attribute selection threshold: rating >= 2
Training text cap: 2005 examples after low-overlap selection
Loading training split 'train'
Selected 2005 high-complexity training texts with low-overlap selection.
Selection prior-use buckets: {0: 2005}
Selected rating counts: {3: 1900, 4: 105}
Loading evaluation split 'validation'
Selected 642 evaluation texts.
Output adapter path: /content/master-thesis/adapters/tinyllama-helpsteer2-complexity-adapter
ArmoRM monitoring disabled.
Learning rate: 0.0001
Weight decay: 0.01
Requested precision: bf16
Gradient accumulation steps: 1
Effective batch size: 8
Max grad norm: 1.0
Save best by eval loss: True
LR scheduler: cosine_decay
Warmup ratio: 0.06
Minimum LR ratio: 0.1
LoRA rank: 8
LoRA alpha: 16
LoRA dropout: 0.1
Loading a fresh base model: TinyLlama/TinyLlama-1.1B-Chat-v1.0
The cache for model files in Transformers v4.22.0 has been updated. Migrating your old cache. This is a one-time only operation. You can interrupt this and resume the migration later on by calling `transformers.utils.move_cache()`.

0it [00:00, ?it/s]
0it [00:00, ?it/s]
/usr/local/lib/python3.12/dist-packages/huggingface_hub/file_download.py:949: FutureWarning: `resume_download` is deprecated and will be removed in version 1.0.0. Downloads always resume when possible. If you want to force a new download, use `force_download=True`.
  warnings.warn(
Actual training precision: bf16
trainable params: 6,307,840 || all params: 1,106,356,224 || trainable%: 0.570145479653396
Learning-rate warmup: ratio=0.06, warmup_steps=45, total_steps=753
Batching: micro_batch_size=8, gradient_accumulation_steps=1, effective_batch_size=8
Gradient clipping: max_grad_norm=1.0
Best-by-eval-loss saving: True
TensorBoard log directory: /content/master-thesis/results/tensorboard/tinyllama_helpsteer2/complexity

Epoch 1/3 for complexity (next_learning_rate=2.2222222e-06, shuffle_seed=67)
complexity step 10: train_loss=0.9391, grad_norm=0.3125
complexity step 20: train_loss=0.9032, grad_norm=0.3379
complexity step 20: eval_loss=0.9319
/usr/local/lib/python3.12/dist-packages/huggingface_hub/file_download.py:949: FutureWarning: `resume_download` is deprecated and will be removed in version 1.0.0. Downloads always resume when possible. If you want to force a new download, use `force_download=True`.
  warnings.warn(
Saved best eval_loss=0.9319 at global_step=20 to /content/master-thesis/checkpoints/tinyllama_helpsteer2/tinyllama-helpsteer2-complexity-adapter/best-eval-loss
complexity step 30: train_loss=0.8357, grad_norm=0.3809
Token indices sequence length is longer than the specified maximum sequence length for this model (2128 > 2048). Running this sequence through the model will result in indexing errors
complexity step 40: train_loss=0.8813, grad_norm=0.3457
complexity step 40: eval_loss=0.8907
Saved best eval_loss=0.8907 at global_step=40 to /content/master-thesis/checkpoints/tinyllama_helpsteer2/tinyllama-helpsteer2-complexity-adapter/best-eval-loss
complexity step 50: train_loss=0.8357, grad_norm=0.3652
complexity step 60: train_loss=0.7820, grad_norm=0.3613
complexity step 60: eval_loss=0.8753
Saved best eval_loss=0.8753 at global_step=60 to /content/master-thesis/checkpoints/tinyllama_helpsteer2/tinyllama-helpsteer2-complexity-adapter/best-eval-loss
complexity step 70: train_loss=0.8782, grad_norm=0.3262
complexity step 80: train_loss=0.8797, grad_norm=0.3281
complexity step 80: eval_loss=0.8706
Saved best eval_loss=0.8706 at global_step=80 to /content/master-thesis/checkpoints/tinyllama_helpsteer2/tinyllama-helpsteer2-complexity-adapter/best-eval-loss
complexity step 90: train_loss=0.8892, grad_norm=0.3555
complexity step 100: train_loss=0.8533, grad_norm=0.3438
complexity step 100: eval_loss=0.8682
Saved best eval_loss=0.8682 at global_step=100 to /content/master-thesis/checkpoints/tinyllama_helpsteer2/tinyllama-helpsteer2-complexity-adapter/best-eval-loss
complexity step 110: train_loss=0.8277, grad_norm=0.3340
complexity step 120: train_loss=0.8046, grad_norm=0.3457
complexity step 120: eval_loss=0.8673
Saved best eval_loss=0.8673 at global_step=120 to /content/master-thesis/checkpoints/tinyllama_helpsteer2/tinyllama-helpsteer2-complexity-adapter/best-eval-loss
complexity step 130: train_loss=0.8360, grad_norm=0.3301
complexity step 140: train_loss=0.8484, grad_norm=0.3594
complexity step 140: eval_loss=0.8656
Saved best eval_loss=0.8656 at global_step=140 to /content/master-thesis/checkpoints/tinyllama_helpsteer2/tinyllama-helpsteer2-complexity-adapter/best-eval-loss
complexity step 150: train_loss=0.7999, grad_norm=0.3633
complexity step 160: train_loss=0.7945, grad_norm=0.3848
complexity step 160: eval_loss=0.8648
Saved best eval_loss=0.8648 at global_step=160 to /content/master-thesis/checkpoints/tinyllama_helpsteer2/tinyllama-helpsteer2-complexity-adapter/best-eval-loss
complexity step 170: train_loss=0.8071, grad_norm=0.2617
complexity step 180: train_loss=0.7777, grad_norm=0.3516
complexity step 180: eval_loss=0.8630
Saved best eval_loss=0.8630 at global_step=180 to /content/master-thesis/checkpoints/tinyllama_helpsteer2/tinyllama-helpsteer2-complexity-adapter/best-eval-loss
complexity step 190: train_loss=0.8209, grad_norm=0.3145
complexity step 200: train_loss=0.7958, grad_norm=0.2871
complexity step 200: eval_loss=0.8621
Saved best eval_loss=0.8621 at global_step=200 to /content/master-thesis/checkpoints/tinyllama_helpsteer2/tinyllama-helpsteer2-complexity-adapter/best-eval-loss
complexity step 210: train_loss=0.8280, grad_norm=0.3691
complexity step 220: train_loss=0.8339, grad_norm=0.2949
complexity step 220: eval_loss=0.8612
Saved best eval_loss=0.8612 at global_step=220 to /content/master-thesis/checkpoints/tinyllama_helpsteer2/tinyllama-helpsteer2-complexity-adapter/best-eval-loss
complexity step 230: train_loss=0.8357, grad_norm=0.2988
complexity step 240: train_loss=0.8677, grad_norm=0.3242
complexity step 240: eval_loss=0.8609
Saved best eval_loss=0.8609 at global_step=240 to /content/master-thesis/checkpoints/tinyllama_helpsteer2/tinyllama-helpsteer2-complexity-adapter/best-eval-loss
complexity step 250: train_loss=0.7859, grad_norm=0.2676
Epoch 1/3 - average train loss: 0.8382
complexity epoch 1: eval_loss=0.8603
Saved best eval_loss=0.8603 at global_step=251 to /content/master-thesis/checkpoints/tinyllama_helpsteer2/tinyllama-helpsteer2-complexity-adapter/best-eval-loss

Epoch 2/3 for complexity (next_learning_rate=8.2473404e-05, shuffle_seed=68)
complexity step 260: train_loss=0.8504, grad_norm=0.3477
complexity step 260: eval_loss=0.8602
Saved best eval_loss=0.8602 at global_step=260 to /content/master-thesis/checkpoints/tinyllama_helpsteer2/tinyllama-helpsteer2-complexity-adapter/best-eval-loss
complexity step 270: train_loss=0.7834, grad_norm=0.3027
complexity step 280: train_loss=0.8681, grad_norm=0.3770
complexity step 280: eval_loss=0.8600
Saved best eval_loss=0.8600 at global_step=280 to /content/master-thesis/checkpoints/tinyllama_helpsteer2/tinyllama-helpsteer2-complexity-adapter/best-eval-loss
complexity step 290: train_loss=0.8184, grad_norm=0.3594
complexity step 300: train_loss=0.8045, grad_norm=0.4590
complexity step 300: eval_loss=0.8615
complexity step 310: train_loss=0.8597, grad_norm=0.4219
complexity step 320: train_loss=0.7859, grad_norm=0.3867
complexity step 320: eval_loss=0.8604
complexity step 330: train_loss=0.7780, grad_norm=0.3125
complexity step 340: train_loss=0.7877, grad_norm=0.3164
complexity step 340: eval_loss=0.8610
complexity step 350: train_loss=0.8010, grad_norm=0.5156
complexity step 360: train_loss=0.7890, grad_norm=0.4785
complexity step 360: eval_loss=0.8602
complexity step 370: train_loss=0.7706, grad_norm=0.3477
complexity step 380: train_loss=0.7893, grad_norm=0.4551
complexity step 380: eval_loss=0.8608
complexity step 390: train_loss=0.7850, grad_norm=0.3477
complexity step 400: train_loss=0.8308, grad_norm=0.3730
complexity step 400: eval_loss=0.8605
complexity step 410: train_loss=0.7755, grad_norm=0.4375
complexity step 420: train_loss=0.7577, grad_norm=0.3730
complexity step 420: eval_loss=0.8604
complexity step 430: train_loss=0.7817, grad_norm=0.3789
complexity step 440: train_loss=0.7660, grad_norm=0.4668
complexity step 440: eval_loss=0.8601
complexity step 450: train_loss=0.7472, grad_norm=0.4160
complexity step 460: train_loss=0.7390, grad_norm=0.4219
complexity step 460: eval_loss=0.8601
complexity step 470: train_loss=0.7595, grad_norm=0.5039
complexity step 480: train_loss=0.8166, grad_norm=0.4531
complexity step 480: eval_loss=0.8594
Saved best eval_loss=0.8594 at global_step=480 to /content/master-thesis/checkpoints/tinyllama_helpsteer2/tinyllama-helpsteer2-complexity-adapter/best-eval-loss
complexity step 490: train_loss=0.8037, grad_norm=0.3848
complexity step 500: train_loss=0.7810, grad_norm=0.5430
complexity step 500: eval_loss=0.8594
Saved checkpoint at global_step=500 to /content/master-thesis/checkpoints/tinyllama_helpsteer2/tinyllama-helpsteer2-complexity-adapter/step-00000500
Epoch 2/3 - average train loss: 0.7924
complexity epoch 2: eval_loss=0.8595

Epoch 3/3 for complexity (next_learning_rate=3.5141793e-05, shuffle_seed=69)
complexity step 510: train_loss=0.8222, grad_norm=0.4590
complexity step 520: train_loss=0.7949, grad_norm=0.4023
complexity step 520: eval_loss=0.8610
complexity step 530: train_loss=0.7442, grad_norm=0.3711
complexity step 540: train_loss=0.7854, grad_norm=0.5000
complexity step 540: eval_loss=0.8615
complexity step 550: train_loss=0.7302, grad_norm=0.3984
complexity step 560: train_loss=0.7742, grad_norm=0.4727
complexity step 560: eval_loss=0.8614
complexity step 570: train_loss=0.7402, grad_norm=0.5078
complexity step 580: train_loss=0.8032, grad_norm=0.4492
complexity step 580: eval_loss=0.8607
complexity step 590: train_loss=0.7222, grad_norm=0.4512
complexity step 600: train_loss=0.8310, grad_norm=0.3945
complexity step 600: eval_loss=0.8615
complexity step 610: train_loss=0.7475, grad_norm=0.3965
complexity step 620: train_loss=0.8303, grad_norm=0.3379
complexity step 620: eval_loss=0.8611
complexity step 630: train_loss=0.8291, grad_norm=0.4590
complexity step 640: train_loss=0.7480, grad_norm=0.3477
complexity step 640: eval_loss=0.8609
complexity step 650: train_loss=0.7414, grad_norm=0.4512
complexity step 660: train_loss=0.7322, grad_norm=0.4355
complexity step 660: eval_loss=0.8616
complexity step 670: train_loss=0.7445, grad_norm=0.3594
complexity step 680: train_loss=0.7228, grad_norm=0.3945
complexity step 680: eval_loss=0.8618
complexity step 690: train_loss=0.7389, grad_norm=0.4551
complexity step 700: train_loss=0.7370, grad_norm=0.4941
complexity step 700: eval_loss=0.8613
complexity step 710: train_loss=0.7232, grad_norm=0.5078
